
Allocating common symbols
Common symbol       size              file

WTVPCommand::gWTVAttributeResource
                    0x4               ./objects/app/lib/CommunicationsLib.o

Memory Configuration

Name             Origin             Length             Attributes
*default*        0x0000000000000000 0xffffffffffffffff

Linker script and memory map

Address of section .text set to 0x9fe00000
Address of section .data set to 0x80000700
LOAD ./objects/app/obj/app_crt0.s.o
LOAD ./objects/app/lib/AudioLib.o
LOAD ./objects/app/lib/MPEGAudioLib.o
LOAD ./objects/app/lib/BootLib.o
LOAD ./objects/app/lib/BoxLib.o
LOAD ./objects/app/lib/AnsiLib.o
LOAD ./objects/app/lib/CommunicationsLib.o
LOAD ./objects/app/lib/CryptoLib.o
LOAD ./objects/app/lib/TinyLib.o
LOAD ./objects/app/lib/TellyscriptLib.o
LOAD ./objects/app/lib/DebugLib.o
LOAD ./objects/app/lib/GraphicsLib.o
LOAD ./objects/app/lib/JPEGLib.o
LOAD ./objects/app/lib/HTMLLib.o
LOAD ./objects/app/lib/InputLib.o
LOAD ./objects/app/lib/SoundLib.o
LOAD ./objects/app/lib/MIDILib.o
LOAD ./objects/app/lib/StorageLib.o
LOAD ./objects/app/lib/SystemLib.o
LOAD ./objects/app/lib/TestingLib.o
LOAD ./objects/app/lib/UtilitiesLib.o
LOAD ./objects/app/lib/UserInterfaceLib.o
                0x00000000a0012000                . = 0xa0012000

.text           0x000000009fe00000    0xa5de0
                0x000000009fe00000                _ftext = .
 *(.init)
                0x000000009fe00000                eprol = .
 *(.text)
 .text          0x000000009fe00000       0xa0 ./objects/app/obj/app_crt0.s.o
                0x000000009fe00000                start
                0x000000009fe00088                move_reset_stack
                0x000000009fe00094                __main
 .text          0x000000009fe000a0      0x2b0 ./objects/app/lib/AudioLib.o
                0x000000009fe000a0                AudioStream::AudioStream(void)
                0x000000009fe000dc                AudioStream::~AudioStream(void)
                0x000000009fe0013c                AudioStream::NewAudioStream(DataType)
                0x000000009fe0021c                AudioStream::Start(void)
                0x000000009fe00268                AudioStream::Stop(void)
                0x000000009fe002b4                AudioStream::Idle(void)
                0x000000009fe00304                AudioStream::SetResource(Resource const *)
                0x000000009fe00320                AudioStream::GetPriority(void) const
                0x000000009fe00328                AudioStream::GetStatus(void) const
                0x000000009fe00344                AudioStream::GetResource(void) const
 .text          0x000000009fe00350     0x4ee0 ./objects/app/lib/MPEGAudioLib.o
                0x000000009fe00350                MPEGAudioStream::MPEGAudioStream(void)
                0x000000009fe003b0                MPEGAudioStream::~MPEGAudioStream(void)
                0x000000009fe00450                MPEGAudioStream::Start(void)
                0x000000009fe004b0                MPEGAudioStream::Idle(void)
                0x000000009fe005a8                MPEGAudioStream::Stop(void)
                0x000000009fe006b4                MPEGAudioStream::OpenStream(void)
                0x000000009fe0073c                MPEGAudioStream::CloseStream(void)
                0x000000009fe007a0                MPEGAudioStream::ReadStream(void)
                0x000000009fe008ac                MPEGAudioStream::StartPlaying(void)
                0x000000009fe00b44                MPEGAudioStream::DecodeFrameHeader(void)
                0x000000009fe00d88                MPEGAudioStream::DecodeAllocation2(Allocation const *(*)[31])
                0x000000009fe00fd8                MPEGAudioStream::DecodeScale2(long *, Allocation const *(*)[31])
                0x000000009fe014ac                MPEGAudioStream::DecodeSamples2(long (*)[3][31], Allocation const *(*)[31], long *)
                0x000000009fe017c8                MPEGAudioStream::SeekSync(void)
                0x000000009fe018fc                MPEGAudioStream::DecodeFrame(unsigned short *)
                0x000000009fe01b6c                MPEGAudioStream::StillPlaying(void)
                0x000000009fe01b98                MPEGAudioStream::GetBitsRead(long)
                0x000000009fe01c60                MPEGAudioStream::NextBitsRead(long)
                0x000000009fe01d08                MPEGAudioStream::BytesLeft(void)
                0x000000009fe01d5c                AudioStreamCallback(short, AudioStreamData *)
                0x000000009fe01e90                SynthesisFilter::SynthesisFilter(void)
                0x000000009fe01ee8                SynthesisFilter::ComputeNewV(long *)
                0x000000009fe0377c                SynthesisFilter::ComputeSamples(unsigned short *)
                0x000000009fe051b8                SynthesisFilter::CalculatePCMSamples(long *, unsigned short *)
 .text          0x000000009fe05230      0x150 ./objects/app/lib/BootLib.o
                0x000000009fe05230                LateBoot(void)
 .text          0x000000009fe05380     0x9470 ./objects/app/lib/BoxLib.o
                0x000000009fe05380                main
                0x000000009fe05504                UpdateAG
                0x000000009fe05510                InitAudio
                0x000000009fe05628                StartAudioDMA
                0x000000009fe05688                StopAudioDMA
                0x000000009fe056b8                audioInterruptHandler
                0x000000009fe057a0                ShowBuildInfo(void)
                0x000000009fe05810                SetBoxLEDs
                0x000000009fe05850                GetBoxLEDs
                0x000000009fe05864                FlashBoxLED
                0x000000009fe05918                SPOTVersion
                0x000000009fe05920                OpenSymbolFile
                0x000000009fe05978                FindSymbol
                0x000000009fe05a30                FindSymbolByName
                0x000000009fe05ab4                Reboot
                0x000000009fe05b1c                DetermineBootType
                0x000000009fe05b58                ColdBooted
                0x000000009fe05b64                CrashStackCrawl
                0x000000009fe05c10                BoxDebugger
                0x000000009fe05ca8                ParseCommandLine(char *)
                0x000000009fe05f60                doReg(unsigned long, char **, unsigned long)
                0x000000009fe06000                DumpSPOTRegister(unsigned long, char **)
                0x000000009fe06058                SetSPOTRegister(unsigned long, char **)
                0x000000009fe060b8                SetLongs(unsigned long, char **)
                0x000000009fe06148                SetBytes(unsigned long, char **)
                0x000000009fe061e0                SetHalfwords(unsigned long, char **)
                0x000000009fe0627c                DumpMem(unsigned long, char **)
                0x000000009fe06524                DumpSingleLong(unsigned long, char **)
                0x000000009fe06578                DumpSingleByte(unsigned long, char **)
                0x000000009fe065c8                DumpSingleHalfword(unsigned long, char **)
                0x000000009fe0661c                DisassembleBeginning(unsigned long, char **)
                0x000000009fe06638                DisassembleMiddle(unsigned long, char **)
                0x000000009fe06654                FindFunctionEntry(unsigned long *)
                0x000000009fe0668c                DisassembleFunction(unsigned long, char **)
                0x000000009fe06730                DisassembleCommon(unsigned long, char **, unsigned long)
                0x000000009fe067cc                DisassembleLoop(unsigned long *, unsigned long)
                0x000000009fe068ec                stonum(char *)
                0x000000009fe0692c                ParsePossibleReg(char *)
                0x000000009fe069e8                DisplaySSN(unsigned long, char **)
                0x000000009fe06a18                FillMem(unsigned long, char **)
                0x000000009fe06ab8                FillByteMem(unsigned long, char **)
                0x000000009fe06b9c                FillMemCount(unsigned long, char **)
                0x000000009fe06c3c                FillByteMemCount(unsigned long, char **)
                0x000000009fe06d14                printhex(long)
                0x000000009fe06e04                DumpExceptionRegs(unsigned long, char **)
                0x000000009fe06fb4                DumpExceptionRegs2(unsigned long, char **)
                0x000000009fe07080                debugErrEntry
                0x000000009fe074c4                ReturnFromException(unsigned long, char **)
                0x000000009fe07508                Breakpoint(unsigned long, char **)
                0x000000009fe07570                BreakpointClear(unsigned long, char **)
                0x000000009fe07584                BreakpointDisplay(unsigned long, char **)
                0x000000009fe075a8                Go(unsigned long, char **)
                0x000000009fe0764c                DataWatchClear(unsigned long, char **)
                0x000000009fe07658                DataWatch(unsigned long, char **)
                0x000000009fe076b8                DataWriteWatch(unsigned long, char **)
                0x000000009fe07718                DataReadWatch(unsigned long, char **)
                0x000000009fe07778                CreateFileFromMemory(unsigned long, char **)
                0x000000009fe077e0                CreateDirectory(unsigned long, char **)
                0x000000009fe07820                DeleteFile(unsigned long, char **)
                0x000000009fe07858                DumpFilesystems(unsigned long, char **)
                0x000000009fe078ac                listfiles(FSNode *)
                0x000000009fe07914                DumpDirectory(unsigned long, char **)
                0x000000009fe07998                DumpHelp(unsigned long, char **)
                0x000000009fe07c80                DumpHelp2(unsigned long, char **)
                0x000000009fe07d18                GetASysHeapBlock(unsigned long, char **)
                0x000000009fe07d80                FreeASysHeapBlock(unsigned long, char **)
                0x000000009fe07dc0                DumpHeap(unsigned long, char **)
                0x000000009fe07ddc                DumpHeapTotals(unsigned long, char **)
                0x000000009fe07df8                DumpIRBuffer(unsigned long, char **)
                0x000000009fe08078                RebootBox(unsigned long, char **)
                0x000000009fe08094                DumpCrashLog(unsigned long, char **)
                0x000000009fe085a0                DumpSysConfig(unsigned long, char **)
                0x000000009fe085c0                DecodeSysConfig(unsigned long)
                0x000000009fe08b48                How(unsigned long, char **)
                0x000000009fe08b70                Lookup(unsigned long)
                0x000000009fe08bc8                WhichObj(unsigned long, char **)
                0x000000009fe08bec                Where(unsigned long, char **)
                0x000000009fe08c10                WhereIs(unsigned long, char **)
                0x000000009fe08c68                Step(unsigned long, char **)
                0x000000009fe08cbc                Trace(unsigned long, char **)
                0x000000009fe08d10                StackCrawl(unsigned long, char **)
                0x000000009fe08e74                VerifyMem(unsigned long, char **)
                0x000000009fe08f30                VerifyByteMem(unsigned long, char **)
                0x000000009fe09060                VerifyMemCount(unsigned long, char **)
                0x000000009fe09118                VerifyByteMemCount(unsigned long, char **)
                0x000000009fe09234                CompareRange(unsigned long, char **)
                0x000000009fe092f0                DumpHistory(unsigned long, char **)
                0x000000009fe09368                DoHistory(unsigned long)
                0x000000009fe093c0                AddToHistory(char *)
                0x000000009fe09404                LastURL(unsigned long, char **)
                0x000000009fe09428                DisplayVariable(unsigned long, char **)
                0x000000009fe09464                SetCaches(unsigned long, char **)
                0x000000009fe0955c                ReadIIC(unsigned long, char **)
                0x000000009fe095b4                WriteIIC(unsigned long, char **)
                0x000000009fe09630                DoInit7187(unsigned long, char **)
                0x000000009fe0a094                disasm(unsigned long *, unsigned long *, int, int)
                0x000000009fe0a220                SetFence1Range(unsigned long, unsigned long)
                0x000000009fe0a278                SetFence2Range(unsigned long, unsigned long)
                0x000000009fe0a2d0                EnableFences(unsigned long)
                0x000000009fe0a390                DisableFences(unsigned long)
                0x000000009fe0a460                WriteEnableFlash
                0x000000009fe0a4e4                EraseAndFlashBlock
                0x000000009fe0a5e0                InitHWKeyboard
                0x000000009fe0aa34                HWKeyboardIdle
                0x000000009fe0abb0                SetHWKBLEDs
                0x000000009fe0ac20                GetHWKBLEDs
                0x000000009fe0acf8                PollHWKeyboard
                0x000000009fe0ae60                SetDisplayMode
                0x000000009fe0aeb0                GetDisplayWidth
                0x000000009fe0aebc                GetDisplayHeight
                0x000000009fe0aec8                InitDisplay
                0x000000009fe0b094                KillDisplay
                0x000000009fe0b0ec                EnableInterlacedDisplay
                0x000000009fe0b27c                EnableDisplay
                0x000000009fe0b398                SetDisplayInterrupts
                0x000000009fe0b3ac                GetDisplayPageBase
                0x000000009fe0b428                GetDisplayRowBytes
                0x000000009fe0b434                SetDisplayOverscanColor
                0x000000009fe0b488                EraseDisplay
                0x000000009fe0b55c                SPOT1ShiftHack
                0x000000009fe0b564                Init7187(void)
                0x000000009fe0b940                InitModem
                0x000000009fe0ba08                ModemGetCD
                0x000000009fe0ba14                MonitorCD
                0x000000009fe0ba9c                ModemSetDTR
                0x000000009fe0bb1c                ModemGetDTR
                0x000000009fe0bb28                ModemFIFOCount
                0x000000009fe0bb68                putchar_modem
                0x000000009fe0bc10                getbuf_modem
                0x000000009fe0bd50                ExpansionLateInit
                0x000000009fe0bd80                InitIIC
                0x000000009fe0c234                IICWrite
                0x000000009fe0c2a8                IICRead
                0x000000009fe0c330                InitIR
                0x000000009fe0c47c                IRIdle
                0x000000009fe0cbb0                TestBranch(unsigned long *, unsigned char, unsigned char)
                0x000000009fe0cc1c                NextInstrAddr(unsigned long *, unsigned char, unsigned char)
                0x000000009fe0cee0                InitSiliconSerialNumber
                0x000000009fe0d1b0                CheckSmartCard
                0x000000009fe0d1e4                SmartCardIdle
                0x000000009fe0d230                PostSmartCardEvent
                0x000000009fe0d270                FlushDataCache
                0x000000009fe0d2a4                ClearCache
                0x000000009fe0d310                move_exc_code
                0x000000009fe0d3ac                enable_cpu_ints
                0x000000009fe0d3c4                disable_cpu_ints
                0x000000009fe0d3dc                InterruptException
                0x000000009fe0d42c                GeneralException
                0x000000009fe0d458                otherException
                0x000000009fe0d460                debuggerContext
                0x000000009fe0d564                restoreContextAndReturn
                0x000000009fe0d660                EnableInts
                0x000000009fe0d678                DisableInts
                0x000000009fe0d6c4                ClearAllInts
                0x000000009fe0d6f8                DisableAllInts
                0x000000009fe0d72c                InterruptDecode
                0x000000009fe0e054                returnFromDebugger
                0x000000009fe0e060                ReadSiliconSerialNumber
                0x000000009fe0e1b0                Read1WireWord
                0x000000009fe0e230                DelayUS
                0x000000009fe0e270                FetchCalg
                0x000000009fe0e27c                SetCalg
                0x000000009fe0e2a0                SetCounter
                0x000000009fe0e2ac                FetchCounter
                0x000000009fe0e2b8                SetSR
                0x000000009fe0e2c4                GetRandom
                0x000000009fe0e2e0                CallDebugger
                0x000000009fe0e2ec                EnableWatchdog
                0x000000009fe0e330                BangSerial
                0x000000009fe0e460                InitCrashLog
                0x000000009fe0e484                LogCrash
                0x000000009fe0e690                DupeFlasher
                0x000000009fe0e6c0                CallRAMFlasher
                0x000000009fe0e6cc                FlashBlockRAM
 .text          0x000000009fe0e7f0     0x3300 ./objects/app/lib/AnsiLib.o
                0x000000009fe0e7f0                putchar
                0x000000009fe0e89c                getchar
                0x000000009fe0e8b8                getstring
                0x000000009fe0ea40                TV_putchar
                0x000000009fe0ecdc                TV_paintchar
                0x000000009fe0fbfc                vprintf
                0x000000009fe0fc28                vsprintf
                0x000000009fe0fc8c                vsnprintf
                0x000000009fe0fd1c                printf
                0x000000009fe0fd4c                sprintf
                0x000000009fe0fd98                snprintf
                0x000000009fe1010c                atoi
                0x000000009fe1012c                atol
                0x000000009fe1014c                strcat
                0x000000009fe10224                strchr
                0x000000009fe102a0                strcmp
                0x000000009fe10358                strcpy
                0x000000009fe103f0                strlen
                0x000000009fe1047c                strncmp
                0x000000009fe1053c                strncpy
                0x000000009fe1063c                strrchr
                0x000000009fe106c0                strstr
                0x000000009fe10750                strtoul
                0x000000009fe1076c                strtol
                0x000000009fe10800                memchr
                0x000000009fe10880                memcmp
                0x000000009fe108d0                memcpy
                0x000000009fe10944                memmove
                0x000000009fe10b54                memset
                0x000000009fe11ab8                sscanf
 .text          0x000000009fe11af0     0xb8e0 ./objects/app/lib/CommunicationsLib.o
                0x000000009fe11af0                AuthorizationList::AuthorizationList(void)
                0x000000009fe11b04                AuthorizationList::~AuthorizationList(void)
                0x000000009fe11b70                AuthorizationList::Add(Resource const *, char const *, char const *, char const *)
                0x000000009fe11dd8                AuthorizationList::CreateStream(void)
                0x000000009fe11e84                AuthorizationList::Exists(char const *, char const *)
                0x000000009fe11fe8                AuthorizationList::NewAuthorization(Resource const *, char const *, char const *)
                0x000000009fe121fc                AuthorizationList::Initialize(void)
                0x000000009fe12250                CookieList::CookieList(void)
                0x000000009fe12264                CookieList::~CookieList(void)
                0x000000009fe122d0                CookieList::CreateStream(void)
                0x000000009fe1237c                CookieList::Append(char const *, char const *)
                0x000000009fe124f4                CookieList::Exists(char const *, char const *)
                0x000000009fe1260c                CookieList::Initialize(void)
                0x000000009fe1265c                CookieList::Load(void)
                0x000000009fe126bc                CookieList::LoadCookie(Resource const *)
                0x000000009fe12774                CookieList::NewCookie(Resource const *, char const *)
                0x000000009fe12890                CookieList::NewCookieResource(char const *, char const *)
                0x000000009fe12a10                CookieList::NewCookieResource(Resource const *)
                0x000000009fe12ab0                CookieList::SendToServer(char const *, char const *, char const *, char const *)
                0x000000009fe12dc4                CookieList::SetAttribute(char const *, char *, Resource const *)
                0x000000009fe13040                HTTPCommand::HTTPCommand(void)
                0x000000009fe130ac                HTTPCommand::~HTTPCommand(void)
                0x000000009fe13108                HTTPCommand::GetClassNumber(void) const
                0x000000009fe13110                HTTPCommand::GetState(void) const
                0x000000009fe13118                HTTPCommand::Idle(void)
                0x000000009fe132a4                HTTPCommand::IdleCreateStream(void)
                0x000000009fe132dc                HTTPCommand::IdleGetCookieBegin(void)
                0x000000009fe13340                HTTPCommand::IdleGetCookieEnd(void)
                0x000000009fe13390                HTTPCommand::IdleReadBody(void)
                0x000000009fe13504                HTTPCommand::IdleReadHeader(void)
                0x000000009fe136a0                HTTPCommand::IdleReadResponse(void)
                0x000000009fe13878                HTTPCommand::IdleWriteBody(void)
                0x000000009fe13884                HTTPCommand::IdleWriteCommandBegin(void)
                0x000000009fe138d0                HTTPCommand::IdleWriteCommandEnd(void)
                0x000000009fe13aa0                HTTPCommand::CheckBodyComplete(void)
                0x000000009fe13b6c                HTTPCommand::Redirect(char const *)
                0x000000009fe13ccc                HTTPCommand::SetAttribute(char const *, char *)
                0x000000009fe13f3c                HTTPCommand::WriteAttributes(Stream *)
                0x000000009fe14138                HTTPGetCommand::HTTPGetCommand(void)
                0x000000009fe14178                HTTPGetCommand::~HTTPGetCommand(void)
                0x000000009fe141a8                HTTPGetCommand::GetClassNumber(void) const
                0x000000009fe141b0                HTTPGetCommand::IdleWriteCommandBegin(void)
                0x000000009fe14300                HTTPPostCommand::HTTPPostCommand(void)
                0x000000009fe14340                HTTPPostCommand::~HTTPPostCommand(void)
                0x000000009fe14370                HTTPPostCommand::GetClassNumber(void) const
                0x000000009fe14378                HTTPPostCommand::IdleWriteCommandBegin(void)
                0x000000009fe14540                HTTPProtocol::HTTPProtocol(void)
                0x000000009fe14574                HTTPProtocol::~HTTPProtocol(void)
                0x000000009fe14598                HTTPProtocol::GetClassNumber(void) const
                0x000000009fe145a0                HTTPProtocol::Initialize(void)
                0x000000009fe1460c                HTTPProtocol::NewGetCommand(Resource const *)
                0x000000009fe14658                HTTPProtocol::NewPostCommand(Resource const *)
                0x000000009fe146a4                HTTPProtocol::BoxPrintDebug(long) const
                0x000000009fe146ec                HTTPCommand::BoxPrintDebug(long) const
                0x000000009fe14780                Protocol::Protocol(void)
                0x000000009fe147c0                Protocol::~Protocol(void)
                0x000000009fe14828                Protocol::BoxPrintDebug(long) const
                0x000000009fe14928                Protocol::CanConnectTo(Service *, Resource const *) const
                0x000000009fe14a30                Protocol::Connect(Service *, Resource const *)
                0x000000009fe14abc                Protocol::Disconnect(void)
                0x000000009fe14adc                Protocol::GetClassNumber(void) const
                0x000000009fe14ae4                Protocol::GetPriority(void) const
                0x000000009fe14b1c                Protocol::Idle(void)
                0x000000009fe14bf0                Protocol::IdleCommandBegin(void)
                0x000000009fe14c54                Protocol::IdleCommandContinue(void)
                0x000000009fe14d10                Protocol::IdleCommandEnd(void)
                0x000000009fe14d68                Protocol::IdleConnectBegin(void)
                0x000000009fe14e40                Protocol::IdleConnectEnd(void)
                0x000000009fe14ef4                Protocol::IdleDisconnectBegin(void)
                0x000000009fe14f80                Protocol::IdleDisconnectEnd(void)
                0x000000009fe14f88                Protocol::IdleSecureBegin(void)
                0x000000009fe14fb8                Protocol::IdleSecureEnd(void)
                0x000000009fe14fc4                Protocol::RunCommand(ProtocolCommand *)
                0x000000009fe150dc                Protocol::SetResource(Resource const *)
                0x000000009fe150f8                Protocol::StaticBoxPrintDebug(Protocol const *, long)
                0x000000009fe15174                ProtocolCommand::ProtocolCommand(void)
                0x000000009fe151c4                ProtocolCommand::~ProtocolCommand(void)
                0x000000009fe15278                ProtocolCommand::BoxPrintDebug(long) const
                0x000000009fe1531c                ProtocolCommand::CreateStream(void)
                0x000000009fe153b4                ProtocolCommand::GetClassNumber(void) const
                0x000000009fe153bc                ProtocolCommand::GetState(void) const
                0x000000009fe153d8                ProtocolCommand::Idle(void)
                0x000000009fe15428                ProtocolCommand::SetAttributeString(char *)
                0x000000009fe1555c                ProtocolCommand::SetProtocol(Protocol *)
                0x000000009fe15564                ProtocolCommand::SetResource(Resource const *)
                0x000000009fe155e8                Protocol::GetCommand(void) const
                0x000000009fe155f0                Protocol::GetService(void) const
                0x000000009fe155f8                Protocol::GetSocket(void) const
                0x000000009fe15600                Protocol::GetState(void) const
                0x000000009fe15608                Protocol::IsDead(void) const
                0x000000009fe15614                Protocol::IsReady(void) const
                0x000000009fe15624                Protocol::IsRunning(void) const
                0x000000009fe15634                Protocol::SetState(ProtocolState)
                0x000000009fe1563c                ProtocolCommand::GetProtocol(void) const
                0x000000009fe15644                ProtocolCommand::GetResource(void) const
                0x000000009fe1564c                ProtocolCommand::GetService(void) const
                0x000000009fe15658                ProtocolCommand::GetSocket(void) const
                0x000000009fe15664                ProtocolCommand::GetStatus(void) const
                0x000000009fe15680                ProtocolCommand::IsTimedOut(void) const
                0x000000009fe156b4                ProtocolCommand::ResetTimeout(void)
                0x000000009fe156e0                SerialReadSync(PortNums, char *, long)
                0x000000009fe1573c                SerialWriteSync(PortNums, char *, long)
                0x000000009fe1579c                SerialCountReadPending(PortNums)
                0x000000009fe157b8                SerialSetFlowControl(PortNums, FlowTypes)
                0x000000009fe157c0                SerialSetDtr(PortNums, unsigned char)
                0x000000009fe157e0                SerialSetBaud(PortNums, short)
                0x000000009fe157f0                Service::Service(void)
                0x000000009fe15828                Service::~Service(void)
                0x000000009fe158c8                Service::Append(Service *)
                0x000000009fe15910                Service::BoxPrintDebug(long) const
                0x000000009fe159d8                Service::ComputeProtocolClassNumber(void)
                0x000000009fe15a44                Service::EndUse(void)
                0x000000009fe15ac0                Service::GetNext(void) const
                0x000000009fe15ac8                Service::GetProtocolClassNumber(void) const
                0x000000009fe15b00                Service::IsActive(void) const
                0x000000009fe15b3c                Service::IsEqual(Service const *) const
                0x000000009fe15b9c                Service::NewProtocol(void) const
                0x000000009fe15c58                Service::NewService(Resource const *)
                0x000000009fe15d34                Service::NewSocket(Error *)
                0x000000009fe15e5c                Service::SetHostAddress(unsigned long)
                0x000000009fe15e64                Service::SetHostName(char const *)
                0x000000009fe15ed0                Service::SetHostPort(unsigned short)
                0x000000009fe15ed8                Service::SetIsProxy(unsigned char)
                0x000000009fe15ee0                Service::SetIsEncrypted(unsigned char)
                0x000000009fe15ee8                Service::SetName(char const *)
                0x000000009fe15fc0                Service::SetProtocolClassNumber(ClassNumber)
                0x000000009fe15fc8                Service::Suspend(void)
                0x000000009fe15ff4                ServiceList::ServiceList(void)
                0x000000009fe1602c                ServiceList::~ServiceList(void)
                0x000000009fe16098                ServiceList::Add(Service *)
                0x000000009fe16148                ServiceList::Add(char const *, char const *, unsigned short)
                0x000000009fe161fc                ServiceList::BoxPrintDebug(long) const
                0x000000009fe16288                ServiceList::FindByName(char const *) const
                0x000000009fe16380                ServiceList::FindByResource(Resource const *) const
                0x000000009fe16474                ServiceList::FindByURL(char const *) const
                0x000000009fe165b8                ServiceList::HasService(Resource const *, char const *) const
                0x000000009fe166c4                ServiceList::HasService(char const *, unsigned char) const
                0x000000009fe167f4                ServiceList::NewSendURL(char const *, char const *) const
                0x000000009fe1685c                ServiceList::NewSendURL(Resource const *, char const *, char const *) const
                0x000000009fe16940                ServiceList::StaticBoxPrintDebug(ServiceList const *, long)
                0x000000009fe169bc                ServiceList::SetAttribute(char const *, char *)
                0x000000009fe16b8c                ServicePointer::ServicePointer(void)
                0x000000009fe16ba4                ServicePointer::ServicePointer(ServicePointer const &)
                0x000000009fe16bd0                ServicePointer::ServicePointer(Service *)
                0x000000009fe16bf8                ServicePointer::~ServicePointer(void)
                0x000000009fe16c4c                ServicePointer::operator=(ServicePointer const &)
                0x000000009fe16cb0                ServicePointer::IsEqual(Service const *) const
                0x000000009fe16d04                ServicePointer::Reset(void)
                0x000000009fe16d3c                ServicePointer::SetService(Service *)
                0x000000009fe16d8c                ServicePointer::operator Service *(void) const
                0x000000009fe16d94                ServicePointer::operator->(void) const
                0x000000009fe16d9c                ServicePointer::operator==(ServicePointer const &) const
                0x000000009fe16db0                Service::BeginUse(void)
                0x000000009fe16dc0                Service::GetHostName(void) const
                0x000000009fe16dc8                Service::GetHostPort(void) const
                0x000000009fe16dd0                Service::GetName(void) const
                0x000000009fe16dd8                Service::IsNamed(char const *) const
                0x000000009fe16df4                Service::IsProxy(void) const
                0x000000009fe16dfc                Service::IsEncrypted(void) const
                0x000000009fe16e04                ServiceList::At(long) const
                0x000000009fe16e28                ServiceList::GetCount(void) const
                0x000000009fe16e30                Socket::Socket(void)
                0x000000009fe16e64                Socket::~Socket(void)
                0x000000009fe16e88                Socket::Connect(char const *, short)
                0x000000009fe16ed8                Socket::Connect(long, short)
                0x000000009fe16f28                Socket::Dispose(void)
                0x000000009fe16f78                Socket::FIFOCount(void) const
                0x000000009fe16fc8                Socket::Idle(void)
                0x000000009fe17018                Socket::Init(void)
                0x000000009fe17020                Socket::Listen(short)
                0x000000009fe17070                Socket::NewSocket(void)
                0x000000009fe170c0                Socket::NewSocket(unsigned char)
                0x000000009fe17110                Socket::ReadIntoStream(Stream *)
                0x000000009fe17160                Socket::Read(char *, long, long *)
                0x000000009fe171b0                Socket::ReadLine(char *, long)
                0x000000009fe17200                Socket::Write(void const *, long)
                0x000000009fe17250                Socket::Write(void const *, long, long *)
                0x000000009fe172a0                Socket::GetPhase(void) const
                0x000000009fe172a8                Socket::GetHostAddress(void) const
                0x000000009fe172b0                TinySocket::WriteFIFO(unsigned char *, unsigned short)
                0x000000009fe17498                TinySocket::Initialize(void)
                0x000000009fe1752c                TinySocket::NewTinySocket(void)
                0x000000009fe1757c                TinySocket::ReturnTinySocket(TinySocket *)
                0x000000009fe1764c                TinySocket::TinySocketClean(void)
                0x000000009fe176ac                TinySocket::Init(void)
                0x000000009fe17754                TinySocket::TinySocket(void)
                0x000000009fe17794                TinySocket::~TinySocket(void)
                0x000000009fe177c8                TinySocket::FIFOCount(void) const
                0x000000009fe177dc                TinySocket::GetByteCount(void)
                0x000000009fe177e4                TinySocket::ResetByteCount(void)
                0x000000009fe177ec                TinySocket::DNRResolved(void)
                0x000000009fe17800                DNRResolverComplete(DNRhostinfo *, char *)
                0x000000009fe1782c                TinySocket::Connect(char const *, short)
                0x000000009fe17980                TinySocket::IncomingData(unsigned char *, long)
                0x000000009fe17a9c                TinySocket::Connect(long, short)
                0x000000009fe17ba8                TinySocket::Listen(short)
                0x000000009fe17c30                TinySocket::Close(void)
                0x000000009fe17d28                TinySocket::Dispose(void)
                0x000000009fe17d44                TinySocket::Idle(void)
                0x000000009fe17f0c                TinySocket::ReadIntoStream(Stream *)
                0x000000009fe18084                TinySocket::ReadLine(char *, long)
                0x000000009fe18210                TinySocket::SocketIdle(void)
                0x000000009fe182cc                TinySocket::Write(void const *, long)
                0x000000009fe18390                TinySocket::Write(void const *, long, long *)
                0x000000009fe184a0                TinySocket::Read(char *, long, long *)
                0x000000009fe185f0                Resource::Resource(void)
                0x000000009fe18608                Resource::Resource(Resource const &)
                0x000000009fe1864c                Resource::~Resource(void)
                0x000000009fe186a0                Resource::operator=(Resource const &)
                0x000000009fe18700                Resource::operator==(Resource const &) const
                0x000000009fe18714                Resource::operator!=(Resource const &) const
                0x000000009fe18728                Resource::GetDataTypeString(void) const
                0x000000009fe18974                Resource::GetStatus(void) const
                0x000000009fe189f8                Resource::IsLocal(void) const
                0x000000009fe18a14                Resource::LockData(void)
                0x000000009fe18a48                Resource::NewStream(void) const
                0x000000009fe18acc                Resource::NewStreamForAppend(void) const
                0x000000009fe18b0c                Resource::NewStreamForWriting(void) const
                0x000000009fe18b6c                Resource::Purge(void)
                0x000000009fe18b98                Resource::Reset(void)
                0x000000009fe18bd0                Resource::SetAuthorization(char const *)
                0x000000009fe18bfc                Resource::SetURL(CacheEntry *)
                0x000000009fe18c64                Resource::SetURL(char const *)
                0x000000009fe18ce0                Resource::SetURL(char const *, char const *, long)
                0x000000009fe18e5c                Resource::SetURL(char const *, Resource const *)
                0x000000009fe18e7c                Resource::SetURL(char const *, Resource const *, char const *, long)
                0x000000009fe18f68                Resource::UnlockData(void)
                0x000000009fe18f94                Resource::StaticBoxPrintDebug(Resource const *, long)
                0x000000009fe19004                Resource::BoxPrintDebug(long) const
                0x000000009fe1909c                Resource::CopyURL(char const *) const
                0x000000009fe190cc                Resource::GetCacheEntry(void) const
                0x000000009fe190d4                Resource::GetAuthorization(void) const
                0x000000009fe190fc                Resource::GetDataExpected(void) const
                0x000000009fe19118                Resource::GetDataLength(void) const
                0x000000009fe19134                Resource::GetDataType(void) const
                0x000000009fe19150                Resource::GetExpires(void) const
                0x000000009fe1916c                Resource::GetPercentComplete(unsigned long) const
                0x000000009fe1919c                Resource::GetPostData(void) const
                0x000000009fe191c4                Resource::GetPostDataLength(void) const
                0x000000009fe191e0                Resource::GetLastModified(void) const
                0x000000009fe191fc                Resource::GetPriority(void) const
                0x000000009fe19218                Resource::GetURL(void) const
                0x000000009fe19240                Resource::HasExpired(void) const
                0x000000009fe19270                Resource::HasURL(void) const
                0x000000009fe1929c                Resource::IsDataTrusted(void) const
                0x000000009fe192b8                Resource::IsValid(void) const
                0x000000009fe192c4                Resource::SetDataType(DataType)
                0x000000009fe192ec                Resource::SetIsDataTrusted(unsigned char)
                0x000000009fe19314                Resource::SetPriority(Priority)
                0x000000009fe1933c                Resource::SetStatus(Error)
                0x000000009fe19370                Network::Network(void)
                0x000000009fe193f0                Network::~Network(void)
                0x000000009fe19498                Network::Activate(void)
                0x000000009fe19530                Network::BoxPrintDebug(long) const
                0x000000009fe19620                Network::ChooseProtocol(Resource *)
                0x000000009fe19920                Network::Deactivate(void)
                0x000000009fe199a8                Network::GetSessionKey1(long) const
                0x000000009fe19a1c                Network::GetSessionKey2(long) const
                0x000000009fe19a90                Network::HangUp(void)
                0x000000009fe19ac0                Network::HangUpAll(void)
                0x000000009fe19b34                Network::Idle(void)
                0x000000009fe19c30                Network::IdleShowStartup(void)
                0x000000009fe19cd8                Network::IdleDialBegin(void)
                0x000000009fe19e54                Network::IdleDialEnd(void)
                0x000000009fe1a138                Network::IdleActive(void)
                0x000000009fe1a374                Network::IdleHangUpBegin(void)
                0x000000009fe1a3bc                Network::IdleHangUpEnd(void)
                0x000000009fe1a3c4                Network::IdleHangUpThenDialBegin(void)
                0x000000009fe1a414                Network::IdleHangUpThenDialEnd(void)
                0x000000009fe1a434                Network::IdleHangUpThenWait(void)
                0x000000009fe1a47c                Network::IdleWaiting(void)
                0x000000009fe1a514                Network::Initialize(void)
                0x000000009fe1a634                Network::InitializeForKrueger(void)
                0x000000009fe1a710                Network::InitializeForLogin(char const *, long)
                0x000000009fe1a818                Network::InitializeForNone(void)
                0x000000009fe1a8d4                Network::InitializeForProxy(char const *, long)
                0x000000009fe1aa10                Network::InitializeForSignup(char const *, long, unsigned char)
                0x000000009fe1ab2c                Network::IsProtocolRunning(void) const
                0x000000009fe1ab78                Network::KillProtocols(void)
                0x000000009fe1abec                Network::NewPendingResource(void)
                0x000000009fe1ac4c                Network::NewTellyScriptStream(void)
                0x000000009fe1ada4                Network::HandleNotificationPort(unsigned char)
                0x000000009fe1ae54                Network::Reactivate(unsigned char)
                0x000000009fe1aea4                Network::RequestNotifications(void)
                0x000000009fe1af58                Network::RestoreState(void)
                0x000000009fe1b254                Network::RunProtocols(void)
                0x000000009fe1b2b0                Network::SaveState(void)
                0x000000009fe1b460                Network::SetAttribute(char const *, char *)
                0x000000009fe1b53c                Network::SetSpecialAttribute(char const *, char *)
                0x000000009fe1b594                Network::ProcessSecret(unsigned char *)
                0x000000009fe1b658                Network::ProcessChallenge(unsigned char *)
                0x000000009fe1b984                Network::SetTellyScript(Resource const *)
                0x000000009fe1ba4c                Network::SetTicket(char const *)
                0x000000009fe1bb48                Network::SetResponse(char const *)
                0x000000009fe1bc14                Network::SetSecure(unsigned char)
                0x000000009fe1bc1c                Network::ShowConnectIndicator(unsigned char)
                0x000000009fe1bd4c                Network::ShowStartup(void)
                0x000000009fe1bdd0                Network::StaticBoxPrintDebug(Network const *, long)
                0x000000009fe1be40                Network::Visit(char const *)
                0x000000009fe1bec0                Network::Visit(Resource const *)
                0x000000009fe1bf4c                Network::WriteAttributes(Stream *)
                0x000000009fe1c104                Network::SetNotificationPending(unsigned char)
                0x000000009fe1c10c                Network::GetState(void) const
                0x000000009fe1c114                Network::IsActive(void) const
                0x000000009fe1c124                Network::IsSecure(void) const
                0x000000009fe1c140                WTVPCommand::WTVPCommand(void)
                0x000000009fe1c180                WTVPCommand::~WTVPCommand(void)
                0x000000009fe1c1b0                WTVPCommand::AddWTVAttribute(char const *, char const *)
                0x000000009fe1c298                WTVPCommand::GetClassNumber(void) const
                0x000000009fe1c2a0                WTVPCommand::IdleReadBody(void)
                0x000000009fe1c33c                WTVPCommand::IdleReadResponse(void)
                0x000000009fe1c65c                WTVPCommand::Initialize(void)
                0x000000009fe1c6dc                WTVPCommand::RedirectWithData(char const *)
                0x000000009fe1c84c                WTVPCommand::SetAttribute(char const *, char *)
                0x000000009fe1ca84                WTVPCommand::WriteAttributes(Stream *)
                0x000000009fe1cba4                WTVPGetCommand::WTVPGetCommand(void)
                0x000000009fe1cbe4                WTVPGetCommand::~WTVPGetCommand(void)
                0x000000009fe1cc14                WTVPGetCommand::GetClassNumber(void) const
                0x000000009fe1cc1c                WTVPGetCommand::IdleWriteCommandBegin(void)
                0x000000009fe1cd80                WTVPPostCommand::WTVPPostCommand(void)
                0x000000009fe1cdc0                WTVPPostCommand::~WTVPPostCommand(void)
                0x000000009fe1cdf0                WTVPPostCommand::GetClassNumber(void) const
                0x000000009fe1cdf8                WTVPPostCommand::IdleWriteCommandBegin(void)
                0x000000009fe1cfd0                WTVProtocol::~WTVProtocol(void)
                0x000000009fe1d020                WTVProtocol::GetClassNumber(void) const
                0x000000009fe1d028                WTVProtocol::IdleCommandEnd(void)
                0x000000009fe1d0a8                WTVProtocol::IdleSecureBegin(void)
                0x000000009fe1d194                WTVProtocol::IdleSecureEnd(void)
                0x000000009fe1d2b8                WTVProtocol::SetSessionKeys(void)
                0x000000009fe1d314                WTVProtocol::GetSessionKeys(rc4_key_st **, rc4_key_st **)
                0x000000009fe1d334                WTVProtocol::NewGetCommand(Resource const *)
                0x000000009fe1d380                WTVProtocol::NewPostCommand(Resource const *)
 .text          0x000000009fe1d3d0     0x7ce0 ./objects/app/lib/CryptoLib.o
                0x000000009fe1d3d0                BN_add(bignum_st *, bignum_st *, bignum_st *)
                0x000000009fe1d600                BN_div(bignum_st *, bignum_st *, bignum_st *, bignum_st *, bignum_ctx *)
                0x000000009fe1d7f0                BN_mod_mul(bignum_st *, bignum_st *, bignum_st *, bignum_st *, bignum_ctx *)
                0x000000009fe1d888                BN_mod_exp(bignum_st *, bignum_st *, bignum_st *, bignum_st *, bignum_ctx *)
                0x000000009fe1dc04                BN_mod_mul_reciprocal(bignum_st *, bignum_st *, bignum_st *, bignum_st *, bignum_st *, int, bignum_ctx *)
                0x000000009fe1ddb4                BN_reciprocal(bignum_st *, bignum_st *, bignum_ctx *)
                0x000000009fe1de70                BN_gcd(bignum_st *, bignum_st *, bignum_st *, bignum_ctx *)
                0x000000009fe1e06c                BN_mod_inverse(bignum_st *, bignum_st *, bignum_ctx *)
                0x000000009fe1e2a0                BN_num_bits(bignum_st *)
                0x000000009fe1e3b4                BN_clear_free(bignum_st *)
                0x000000009fe1e414                BN_free(bignum_st *)
                0x000000009fe1e458                BN_new(void)
                0x000000009fe1e4d0                BN_CTX_new(void)
                0x000000009fe1e58c                BN_CTX_free(bignum_ctx *)
                0x000000009fe1e5ec                bn_expand2(bignum_st *, int)
                0x000000009fe1e69c                BN_dup(bignum_st *)
                0x000000009fe1e6dc                BN_copy(bignum_st *, bignum_st *)
                0x000000009fe1e78c                BN_clear(bignum_st *)
                0x000000009fe1e7c8                BN_set_word(bignum_st *, unsigned long)
                0x000000009fe1e838                BN_bin2bn(unsigned char *, int, bignum_st *)
                0x000000009fe1e98c                BN_bn2bin(bignum_st *, unsigned char *)
                0x000000009fe1ea38                BN_ucmp(bignum_st *, bignum_st *)
                0x000000009fe1eab0                BN_cmp(bignum_st *, bignum_st *)
                0x000000009fe1eb6c                BN_set_bit(bignum_st *, int)
                0x000000009fe1ebd4                BN_clear_bit(bignum_st *, int)
                0x000000009fe1ec40                BN_is_bit_set(bignum_st *, int)
                0x000000009fe1eca0                BN_mask_bits(bignum_st *, int)
                0x000000009fe1ed30                BN_mod(bignum_st *, bignum_st *, bignum_st *, bignum_ctx *)
                0x000000009fe1ee50                BN_mul(bignum_st *, bignum_st *, bignum_st *)
                0x000000009fe1efb0                bn_mul_add_word(unsigned long *, unsigned long *, int, unsigned long)
                0x000000009fe1f1c4                bn_mul_word(unsigned long *, unsigned long *, int, unsigned long)
                0x000000009fe1f3b4                bn_sqr_words(unsigned long *, unsigned long *, int)
                0x000000009fe1f4f0                BN_generate_prime(int, int, bignum_st *, bignum_st *, void (*)(int, int))
                0x000000009fe1f714                BN_is_prime(bignum_st *, int, void (*)(int, int), bignum_ctx *)
                0x000000009fe1fe90                BN_bn2ascii(bignum_st *)
                0x000000009fe1ffa0                BN_rand(bignum_st *, int, int, int)
                0x000000009fe20120                BN_lshift1(bignum_st *, bignum_st *)
                0x000000009fe2023c                BN_rshift1(bignum_st *, bignum_st *)
                0x000000009fe2036c                BN_lshift(bignum_st *, bignum_st *, int)
                0x000000009fe20538                BN_rshift(bignum_st *, bignum_st *, int)
                0x000000009fe20720                BN_sqr(bignum_st *, bignum_st *, bignum_ctx *)
                0x000000009fe20a48                BN_sub(bignum_st *, bignum_st *, bignum_st *)
                0x000000009fe20bd0                BN_mod_word(bignum_st *, unsigned long)
                0x000000009fe20c3c                BN_div_word(bignum_st *, unsigned long)
                0x000000009fe20cd8                BN_add_word(bignum_st *, unsigned long)
                0x000000009fe20d90                des_ecb_encrypt(unsigned char (*)[7], unsigned char (*)[7], des_ks_struct *, int)
                0x000000009fe20e60                des_encrypt(unsigned long *, des_ks_struct *, int)
                0x000000009fe213a0                des_ncbc_encrypt(unsigned char (*)[7], unsigned char (*)[7], long, des_ks_struct *, unsigned char (*)[7], int)
                0x000000009fe218e0                des_set_odd_parity(unsigned char (*)[7])
                0x000000009fe21958                des_is_weak_key(unsigned char (*)[7])
                0x000000009fe219c8                des_set_key(unsigned char (*)[7], des_ks_struct *)
                0x000000009fe21cfc                des_key_sched(unsigned char (*)[7], des_ks_struct *)
                0x000000009fe21d20                EVP_DigestInit(env_md_ctx_st *, env_md_st *)
                0x000000009fe21d44                EVP_DigestUpdate(env_md_ctx_st *, unsigned char *, unsigned int)
                0x000000009fe21d68                EVP_DigestFinal(env_md_ctx_st *, unsigned char *, unsigned int *)
                0x000000009fe21f80                EVP_EncryptInit(evp_cipher_ctx_st *, evp_cipher_st *, unsigned char *, unsigned char *)
                0x000000009fe21fc8                EVP_DecryptInit(evp_cipher_ctx_st *, evp_cipher_st *, unsigned char *, unsigned char *)
                0x000000009fe2200c                EVP_EncryptUpdate(evp_cipher_ctx_st *, unsigned char *, int *, unsigned char *, int)
                0x000000009fe2216c                EVP_EncryptFinal(evp_cipher_ctx_st *, unsigned char *, int *)
                0x000000009fe221fc                EVP_DecryptUpdate(evp_cipher_ctx_st *, unsigned char *, int *, unsigned char *, int)
                0x000000009fe222e8                EVP_DecryptFinal(evp_cipher_ctx_st *, unsigned char *, int *)
                0x000000009fe22410                ERR_load_EVP_strings(void)
                0x000000009fe22430                MD5(unsigned char *, unsigned long, unsigned char *)
                0x000000009fe2249c                MD5_Init(MD5state_st *)
                0x000000009fe224dc                MD5_Update(MD5state_st *, unsigned char *, unsigned long)
                0x000000009fe23658                MD5_Final(unsigned char *, MD5state_st *)
                0x000000009fe23870                RAND_cleanup(void)
                0x000000009fe238b8                RAND_seed(unsigned char *, int)
                0x000000009fe23a50                RAND_bytes(unsigned char *, int)
                0x000000009fe23c60                RC4_set_key(rc4_key_st *, int, unsigned char *)
                0x000000009fe23db4                RC4(rc4_key_st *, unsigned long, unsigned char *, unsigned char *)
                0x000000009fe24100                RSA_public_encrypt(int, unsigned char *, unsigned char *, rsa_st *)
                0x000000009fe24340                RSA_private_encrypt(int, unsigned char *, unsigned char *, rsa_st *)
                0x000000009fe245bc                RSA_private_decrypt(int, unsigned char *, unsigned char *, rsa_st *)
                0x000000009fe247ec                RSA_public_decrypt(int, unsigned char *, unsigned char *, rsa_st *)
                0x000000009fe249e4                RSA_mod_exp(bignum_st *, bignum_st *, rsa_st *)
                0x000000009fe24b90                RSA_generate_key(int, unsigned long, void (*)(int, int))
                0x000000009fe24f40                RSA_new(void)
                0x000000009fe24fa0                RSA_free(rsa_st *)
                0x000000009fe25078                RSA_size(rsa_st *)
 .text          0x000000009fe250b0     0x4820 ./objects/app/lib/TinyLib.o
                0x000000009fe251d8                ResolverInit(void)
                0x000000009fe2524c                HostByName(char *, DNRhostinfo *, void (*)(DNRhostinfo *, char *), char *)
                0x000000009fe2545c                DNRHandlerLoop(void)
                0x000000009fe26158                _getshort(unsigned char *)
                0x000000009fe26c38                WritePDU(unsigned short, unsigned char *, unsigned short)
                0x000000009fe272bc                GetPPPConnected(void)
                0x000000009fe272c8                SetPPPConnected(unsigned char)
                0x000000009fe272d4                TCPIdle(unsigned char)
                0x000000009fe2735c                nowstartppp(void)
                0x000000009fe27f2c                tcp_Free(tcp_TCB *)
                0x000000009fe28314                tcpInit
                0x000000009fe28398                tcpOpen
                0x000000009fe284e8                tcpListen
                0x000000009fe285a4                tcpSend
                0x000000009fe2870c                tcpCredit
                0x000000009fe287b4                tcpAbort
                0x000000009fe2881c                tcpHandler
                0x000000009fe28e64                tcpNotify
                0x000000009fe28f88                tcpPoll
                0x000000009fe29074                checksum
                0x000000009fe292bc                SetIpAddress
                0x000000009fe292c4                ipAddress
                0x000000009fe292cc                ipIn
                0x000000009fe29384                ipSend
                0x000000009fe293b0                ipMonitor
                0x000000009fe293d8                ipInit
                0x000000009fe295c8                udpInit
                0x000000009fe29634                udpOpen
                0x000000009fe296fc                udpClose
                0x000000009fe29730                udpAbort
                0x000000009fe29764                udpHandler
                0x000000009fe29898                udpNotify
 .text          0x000000009fe298d0     0x2f60 ./objects/app/lib/TellyscriptLib.o
                0x000000009fe299b0                SFormatString(unsigned char *, unsigned char *, long *)
                0x000000009fe29ca0                SI_setabort(long *)
                0x000000009fe29cb0                SI_stack(long *)
                0x000000009fe29cc0                allocate(long)
                0x000000009fe29d24                SI_Interpret(void)
                0x000000009fe2a6d4                expression(SYMBOL *)
                0x000000009fe2b358                skippair(unsigned char, unsigned char)
                0x000000009fe2b400                needtoken(unsigned char)
                0x000000009fe2b440                iftoken(unsigned char)
                0x000000009fe2b47c                nexttoken(void)
                0x000000009fe2b4c8                addsymbol(SYMBOL *, unsigned char *, long, unsigned char, unsigned char)
                0x000000009fe2b61c                error(errs, unsigned char *)
                0x000000009fe2b864                a2x(unsigned char *)
                0x000000009fe2bfe0                AddIntrinsics(INTRINSIC *)
                0x000000009fe2c03c                SetupPointers(unsigned char *, long, unsigned char *)
                0x000000009fe2c098                LinkFunctions(void)
                0x000000009fe2c2e0                TellyIdle(void)
                0x000000009fe2c30c                SetScriptAborted(void)
                0x000000009fe2c328                GetScriptProgress(void)
                0x000000009fe2c334                GetScriptProgressPercentage(long)
                0x000000009fe2c470                GetScriptProgressText(long)
                0x000000009fe2c58c                SetScriptProgress(TellyProgress)
                0x000000009fe2c598                SetScriptResult(TellyResult)
                0x000000009fe2c5a4                SetPhoneSettings(PHONE_SETTINGS *)
                0x000000009fe2c634                GetPhoneSettings(void)
                0x000000009fe2c640                GetConnectionLog(void)
                0x000000009fe2c64c                AddConnectionLog(long)
                0x000000009fe2c6a8                SendConnectionLog(void)
                0x000000009fe2c70c                GetScriptResult(void)
                0x000000009fe2c718                GetConnectionStats(void)
                0x000000009fe2c724                RunScript(char const *, long)
                0x000000009fe2c7dc                SI_Error(short, unsigned char *, short)
 .text          0x000000009fe2c830      0xad0 ./objects/app/lib/DebugLib.o
                0x000000009fe2c830                BoxPrint(char const *,...)
                0x000000009fe2c8bc                AdjustBoxIndent(int)
                0x000000009fe2cafc                BoxPrintDebugGlobal(char const *, char const *)
                0x000000009fe2cbc0                NoteObserving(void const *, void const *, char const *)
                0x000000009fe2cc80                LogError(char const *, char const *, long)
                0x000000009fe2cd14                LogWarning(char const *, char const *, long)
                0x000000009fe2cd94                SendLog(char const *, char const *, long, char const *, long)
                0x000000009fe2cf54                LogModemEvent(ModemEvent)
                0x000000009fe2cfec                LogCrash(void)
                0x000000009fe2d060                LogTouristEvent(TouristEvent, char const *)
                0x000000009fe2d1d0                DoTheMonkey(void)
 .text          0x000000009fe2d300    0x20ca0 ./objects/app/lib/GraphicsLib.o
                0x000000009fe2d300                InitializeGraphics(void)
                0x000000009fe2d434                MakeBitMapDevice(BitMapDevice &, Rectangle const &, unsigned char *, unsigned long, BitMapFormat, CLUT *, unsigned long)
                0x000000009fe2d4f4                DeleteColorTable(CLUT *)
                0x000000009fe2d514                NewColorTable(CLUTType, long)
                0x000000009fe2d5d4                BitMapPixelBufferSize(BitMapDevice const *)
                0x000000009fe2d600                NewBitMapDevice(Rectangle const &, BitMapFormat, CLUT *, unsigned long)
                0x000000009fe2d7e8                DeleteBitMapDevice(BitMapDevice *)
                0x000000009fe2d850                ClearBitMapDevice(BitMapDevice *)
                0x000000009fe2d918                SetRectangle(Rectangle &, long, long, long, long)
                0x000000009fe2d930                OffsetRectangle(Rectangle &, long, long)
                0x000000009fe2d964                InsetRectangle(Rectangle &, long, long)
                0x000000009fe2d998                EqualRectangles(Rectangle const *, Rectangle const *)
                0x000000009fe2d9e8                UnionRectangle(Rectangle *, Rectangle const *)
                0x000000009fe2dab8                IntersectRectangle(Rectangle *, Rectangle const *)
                0x000000009fe2db50                yuvtorgb(short, short, short, unsigned char *, unsigned char *, unsigned char *)
                0x000000009fe2dcb8                rgbtoyuv(unsigned char, unsigned char, unsigned char, short *, short *, short *)
                0x000000009fe2ddf0                MapColor(BitMapFormat, unsigned long &)
                0x000000009fe2e18c                GetCLUT24(BitMapDevice const *)
                0x000000009fe2e47c                GetCLUTYUV(BitMapDevice const *)
                0x000000009fe2e8bc                LookUpRGB(unsigned char, CLUT const *, unsigned char &, unsigned char &, unsigned char &)
                0x000000009fe2ed38                BuildGammaTable(long, unsigned char, unsigned char, unsigned char, unsigned char)
                0x000000009fe2ee88                GammaCorrect(CLUT *, long, unsigned char, unsigned char)
                0x000000009fe2f024                VDelay(long, unsigned char)
                0x000000009fe301e0                UpdateScreenBits(void)
                0x000000009fe304a8                DrawingComplete(Rectangle const &, Rectangle const *)
                0x000000009fe307ec                FlickerFilterBounds(BitMapDevice &, Rectangle const &, FilterType, Rectangle const *)
                0x000000009fe30f20                DrawBorderImage(BitMapDevice &, BitMapDevice const &, Region const *, Rectangle const &, unsigned long, Rectangle const *, unsigned char, unsigned char, unsigned char)
                0x000000009fe317d8                DrawBorderImage(BitMapDevice &, BitMapDevice const &, Rectangle const &, Rectangle const &, unsigned long, Rectangle const *, unsigned char, unsigned char)
                0x000000009fe31c18                NewThumbnail(BitMapDevice const *, short)
                0x000000009fe31d88                AverageImage(BitMapDevice const &, unsigned long, Rectangle const *, unsigned char, unsigned long)
                0x000000009fe32500                PaintAntiBevel(BitMapDevice &, Rectangle const &, Rectangle const *, unsigned long)
                0x000000009fe32764                PaintBevel(BitMapDevice &, Rectangle const &, Rectangle const *, unsigned long)
                0x000000009fe329d0                PaintRectangle(BitMapDevice &, Rectangle const &, unsigned long, unsigned long, Rectangle const *)
                0x000000009fe32bf4                PaintOvalInRectangle(BitMapDevice &, Rectangle const &, unsigned long, unsigned long, unsigned long, Rectangle const *)
                0x000000009fe32c40                PaintLine(BitMapDevice &, long, long, long, long, unsigned long, unsigned long, unsigned long, Rectangle const *)
                0x000000009fe32d0c                DrawImage(BitMapDevice &, BitMapDevice const &, Rectangle const &, unsigned long, Rectangle const *, Rectangle const *, unsigned char, unsigned char)
                0x000000009fe32d80                CopyImage(BitMapDevice const &, BitMapDevice &, Rectangle const &, Rectangle const &, unsigned long, Rectangle const *, unsigned char, unsigned char, unsigned char)
                0x000000009fe335e0                BoundsSetup(BlitParams &)
                0x000000009fe33698                BlitSetup(BlitParams &)
                0x000000009fe33758                PaintBlit(BlitParams &)
                0x000000009fe33828                PaintBlitBlendYUYV(BlitParams &, unsigned long)
                0x000000009fe33ab0                XPaintRect(BitMapDevice const &, Rectangle const &, unsigned long, unsigned long, Rectangle const *)
                0x000000009fe33bb0                XFilterBounds(BitMapDevice const &, Rectangle const &, FilterType, Rectangle const *)
                0x000000009fe33c84                CopyBlitFast(BlitParams2 &, unsigned long)
                0x000000009fe33ed0                ScaleBlitBuchertoBucher(BlitParams2 &, unsigned long)
                0x000000009fe34224                ScaleBlitYUYVtoBucher(BlitParams2 &, unsigned long)
                0x000000009fe34778                FilterBlitYUYVtoBucher(BlitParams2 &, unsigned long)
                0x000000009fe34dc4                FilterBlitYUYVtoYUYV(BlitParams2 &, unsigned long)
                0x000000009fe35978                ScaleBlitYUYVtoYUYV(BlitParams2 &, unsigned long)
                0x000000009fe364a0                ScaleBlit4toYUYV(BlitParams2 &, unsigned long)
                0x000000009fe3683c                ScaleBlitVQtoYUYV(BlitParams2 &, unsigned long)
                0x000000009fe37dcc                ScaleBlit8toYUYV(BlitParams2 &, unsigned long)
                0x000000009fe380d4                ScaleBlitAlpha8toYUYV(BlitParams2 &, unsigned long)
                0x000000009fe383ec                ScaleBlitAntiAlias8toYUYV(BlitParams2 &, unsigned long)
                0x000000009fe388e4                ScaleBlitAntiAlias4toYUYV(BlitParams2 &, unsigned long)
                0x000000009fe39544                ResizeYUYVScanline(ResizeParams *)
                0x000000009fe39c40                ResizeYUYVScanlineCheap(ResizeParams *)
                0x000000009fe3a1f0                ClearYUYVScanLine(unsigned short *, long, unsigned char)
                0x000000009fe3a270                AddYUYVScanLine(unsigned short *, unsigned short *, long, unsigned char, long)
                0x000000009fe3a538                BlendYUYVScanLine(unsigned short *, unsigned short *, long, unsigned char, long)
                0x000000009fe3a834                ResizeBlit(BlitParams2 &, unsigned long)
                0x000000009fe3b750                NewInterlaceFilterYUYV(BlitParams &, FilterType)
                0x000000009fe3fb38                LookupBlitProc(BitMapDevice const *, BitMapDevice const *, unsigned long)
                0x000000009fe40004                TextBounds(BitMapDevice &, unsigned long, unsigned char, char const *, unsigned long, long, long, Rectangle *)
                0x000000009fe40220                PaintText(BitMapDevice &, unsigned long, unsigned char, char const *, unsigned long, unsigned long, long, long, unsigned long, unsigned char, Rectangle const *)
                0x000000009fe4075c                TextMeasure(BitMapDevice &, unsigned long, unsigned char, char const *, unsigned long)
                0x000000009fe408ac                GetFontAscent(unsigned long, unsigned char)
                0x000000009fe408cc                GetFontDescent(unsigned long, unsigned char)
                0x000000009fe408ec                GetFontLeading(unsigned long, unsigned char)
                0x000000009fe40a8c                IsTwoByte(unsigned char, unsigned char)
                0x000000009fe40b00                IsThreeByte(unsigned char, unsigned char)
                0x000000009fe40f84                GuessCharacterEncoding(char const *, long)
                0x000000009fe41060                CanBreakText(char const *, long, unsigned char)
                0x000000009fe4134c                CleanJISText(char const **, long, unsigned char)
                0x000000009fe41630                DecompressGlyph(unsigned char *, unsigned char *, short, short, short)
                0x000000009fe41d30                VectorQuantizer::VectorQuantizer(void)
                0x000000009fe41d64                VectorQuantizer::~VectorQuantizer(void)
                0x000000009fe41db0                VectorQuantizer::Reset(unsigned char)
                0x000000009fe41e6c                VectorQuantizer::Start(BitMapDevice *, Rectangle *, Rectangle *, short, short)
                0x000000009fe426b4                VectorQuantizer::Continue(unsigned char)
                0x000000009fe4290c                VectorQuantizer::GetBitMap(unsigned char)
                0x000000009fe42b8c                VectorQuantizer::Iterate(void)
                0x000000009fe430b8                VectorQuantizer::ReduceCodebook(void)
                0x000000009fe43370                VectorQuantizer::MatchVectorToCodeBook(unsigned short const *)
                0x000000009fe434dc                VectorQuantizer::InCodeBook(unsigned short const *)
                0x000000009fe43604                ImageData::ImageData(void)
                0x000000009fe4365c                ImageData::~ImageData(void)
                0x000000009fe436b4                ImageData::AverageColor(unsigned long)
                0x000000009fe43724                ImageData::DeleteStream(void)
                0x000000009fe4376c                ImageData::DeleteBitMap(void)
                0x000000009fe437bc                ImageData::SetBounds(Rectangle const *)
                0x000000009fe437e0                ImageData::Draw(Rectangle *, Rectangle const *, unsigned long)
                0x000000009fe4396c                ImageData::DrawingIdle(Rectangle *)
                0x000000009fe43c78                ImageData::SetFlip(unsigned char, unsigned char)
                0x000000009fe43cac                ImageData::SetKeepBitMap(KeptBitMapType)
                0x000000009fe43cf0                ImageData::MapRectangle(Rectangle &) const
                0x000000009fe43e70                ImageData::DrawUpdate(void)
                0x000000009fe43f74                ImageData::GetBounds(Rectangle *)
                0x000000009fe440ac                ImageData::GetStatus(void)
                0x000000009fe44164                ImageData::IsDrawingComplete(void) const
                0x000000009fe44174                ValidateImageType(Resource const *, DataType *)
                0x000000009fe44398                ImageData::SetValidated(unsigned char)
                0x000000009fe443b8                ImageData::NewImageData(Resource *)
                0x000000009fe44684                ImageData::NewImageData(char const *)
                0x000000009fe44988                ImageData::PrepData(void)
                0x000000009fe44aa0                ImageData::PushData(unsigned char)
                0x000000009fe44aa8                ImageData::SetIsBackground(unsigned char)
                0x000000009fe44b40                ImageData::SetStream(DataStream *)
                0x000000009fe44bd4                ImageData::Reset(unsigned char)
                0x000000009fe44c20                ImageData::GetBitMap(void)
                0x000000009fe44c68                ImageData::SetFilterType(FilterType)
                0x000000009fe44c80                ImageData::DrawTiled(Rectangle, Coordinate, Rectangle const *, unsigned char, unsigned char, unsigned long)
                0x000000009fe44f48                ImageData::GetName(void)
                0x000000009fe44f64                BitMapImage::PushData(unsigned char)
                0x000000009fe4527c                BitMapImage::Write(Stream *, BitMapDevice const *)
                0x000000009fe453ac                BorderImage::BorderImage(void)
                0x000000009fe453f0                BorderImage::~BorderImage(void)
                0x000000009fe45458                BorderImage::NewBorderImage(char const *)
                0x000000009fe45514                BorderImage::ReadBIF(char const *)
                0x000000009fe459f4                BorderImage::AddImage(char const *)
                0x000000009fe45a38                BorderImage::AddImage(ImageData *)
                0x000000009fe45abc                BorderImage::AverageColor(unsigned long)
                0x000000009fe45afc                BorderImage::Draw(Rectangle *, Rectangle const *, unsigned long)
                0x000000009fe45d40                BorderImage::Draw(Region const *, Rectangle const *, unsigned long)
                0x000000009fe45f04                BorderImage::SetVisible(unsigned char)
                0x000000009fe45f58                BorderImage::ReDraw(void)
                0x000000009fe46074                BorderImage::GetFrameCount(void) const
                0x000000009fe4607c                BorderImage::GetInnerBounds(Rectangle *)
                0x000000009fe461bc                BorderImage::GetOuterBounds(Rectangle *)
                0x000000009fe4630c                BorderImage::InnerBounds(void) const
                0x000000009fe46334                BorderImage::PadBounds(void) const
                0x000000009fe4635c                BorderImage::Idle(unsigned char)
                0x000000009fe46520                BorderImage::PrepDraw(void)
                0x000000009fe465f8                BorderImage::SetFrame(long)
                0x000000009fe46690                BorderImage::SetAnimationRange(long, long)
                0x000000009fe4679c                BorderImage::SetInnerBounds(Rectangle const *)
                0x000000009fe467c0                BorderImage::SetPadBounds(Rectangle const *)
                0x000000009fe467e4                BorderImage::SetFilterType(FilterType)
                0x000000009fe46850                BorderImage::SetHasInnerCorners(unsigned char)
                0x000000009fe46874                BorderImage::SetDrawCenter(unsigned char)
                0x000000009fe46894                BorderImage::GetDrawCenter(void) const
                0x000000009fe468a0                BorderImage::SetDrawStretched(unsigned char)
                0x000000009fe468c4                GIFImage::~GIFImage(void)
                0x000000009fe46924                GIFImage::Reset(unsigned char)
                0x000000009fe46988                GIFImage::DrawUpdate(void)
                0x000000009fe46ab4                GIFImage::SetFlip(unsigned char, unsigned char)
                0x000000009fe46b14                GIFImage::PushData(unsigned char)
                0x000000009fe4707c                GIFImage::DeleteBitMap(void)
                0x000000009fe470d0                GIFImage::SetBounds(Rectangle const *)
                0x000000009fe47118                JPEGImage::~JPEGImage(void)
                0x000000009fe47178                JPEGImage::DeleteJPEGDecoder(void)
                0x000000009fe471b0                JPEGImage::PushData(unsigned char)
                0x000000009fe47880                JPEGImage::Reset(unsigned char)
                0x000000009fe478d4                XBitMapImage::ParseDimension(char const *, long, unsigned char)
                0x000000009fe47bf8                XBitMapImage::DecodeXBM(char const *, long)
                0x000000009fe47f0c                XBitMapImage::Reset(unsigned char)
                0x000000009fe47f60                XBitMapImage::PushData(unsigned char)
                0x000000009fe485b8                FidoImage::Reset(unsigned char)
                0x000000009fe48624                FidoImage::PushData(unsigned char)
                0x000000009fe48f9c                ImageData::SetPriority(Priority)
                0x000000009fe48fc4                ImageData::GetPriority(void) const
                0x000000009fe48fe0                ImageData::GetResource(void) const
                0x000000009fe48fe8                BitMapImage::~BitMapImage(void)
                0x000000009fe49004                XBitMapImage::~XBitMapImage(void)
                0x000000009fe49020                FidoImage::~FidoImage(void)
                0x000000009fe49040                GIF::GIF(void)
                0x000000009fe4905c                GIF::~GIF(void)
                0x000000009fe490a4                GIF::Rewind(void)
                0x000000009fe490d0                GIF::Reset(unsigned char)
                0x000000009fe491fc                GIF::ResetLZW(void)
                0x000000009fe492d0                GIF::ResetDrawing(void)
                0x000000009fe49330                GIF::GetBounds(Rectangle *) const
                0x000000009fe49360                GIF::SetBounds(Rectangle const *)
                0x000000009fe49384                GIF::SetKeepBitMap(unsigned char)
[...]
 .data          0x00000000800093a0       0xc0 ./objects/app/lib/JPEGLib.o
                0x00000000800093a0                ZZ
                0x00000000800093e0                QScale
 .data          0x0000000080009460      0x760 ./objects/app/lib/HTMLLib.o
 .data          0x0000000080009bc0        0x0 ./objects/app/lib/InputLib.o
 .data          0x0000000080009bc0        0x0 ./objects/app/lib/SoundLib.o
 .data          0x0000000080009bc0       0x90 ./objects/app/lib/MIDILib.o
 .data          0x0000000080009c50        0x0 ./objects/app/lib/StorageLib.o
 .data          0x0000000080009c50        0x0 ./objects/app/lib/SystemLib.o
 .data          0x0000000080009c50        0x0 ./objects/app/lib/TestingLib.o
 .data          0x0000000080009c50      0x120 ./objects/app/lib/UtilitiesLib.o
                0x0000000080009cd0                kDayOfWeek
                0x0000000080009cec                kDayOfWeekAbbreviation
                0x0000000080009d08                kMonth
                0x0000000080009d3c                kMonthAbbreviation
 .data          0x0000000080009d70        0x0 ./objects/app/lib/UserInterfaceLib.o
                0x0000000080011d70                _gp = (ALIGN (0x10) + 0x8000)

.lit8
 *(.lit8)

.lit4
 *(.lit4)

.sdata          0x0000000080009d70     0x2610
 *(.sdata)
 .sdata         0x0000000080009d70       0x10 ./objects/app/lib/AudioLib.o
 .sdata         0x0000000080009d80       0x20 ./objects/app/lib/MPEGAudioLib.o
 .sdata         0x0000000080009da0       0x10 ./objects/app/lib/BootLib.o
 .sdata         0x0000000080009db0      0xab0 ./objects/app/lib/BoxLib.o
                0x0000000080009db0                gBaudCount
                0x0000000080009db8                SystemIntHook
                0x0000000080009dbc                gSystemTicks
                0x0000000080009dc0                gVideoShift
                0x0000000080009dc4                SystemExceptionHook
                0x0000000080009dd4                gAudioBuf0
                0x0000000080009dd8                gAudioBuf1
                0x0000000080009ddc                gCurrentAudioBuf
                0x0000000080009df0                gVBLsPerConnectedFlashes
                0x0000000080009df4                gVBLsElapsed
                0x0000000080009df8                gNumSymbols
                0x0000000080009dfc                gSymbols
                0x0000000080009e18                curDumpStart
                0x0000000080009e1c                lastLen
                0x0000000080009e30                linesToDis
                0x0000000080009e48                gBreakPoint
                0x0000000080009e4c                gBreakContinue
                0x0000000080009f50                historyBase
                0x000000008000a118                gOldBlankColor
                0x000000008000a11c                gOldVidFCntl
                0x000000008000a120                mysteryIntCause
                0x000000008000a124                mysteryIntSR
                0x000000008000a128                mysteryIntEPC
                0x000000008000a17c                gBigEndian
                0x000000008000a72e                gE0State
                0x000000008000a730                vidToggle
                0x000000008000a734                kbHead
                0x000000008000a738                kbTail
                0x000000008000a740                gShiftAmount
                0x000000008000a744                gShifts
                0x000000008000a748                gVBump
                0x000000008000a74c                gRefreshSkips
                0x000000008000a750                oddBuffer
                0x000000008000a754                evenBuffer
                0x000000008000a768                dmaSize
                0x000000008000a76c                gScreenHeight
                0x000000008000a770                gScreenWidth
                0x000000008000a774                gScreenMaxHActive
                0x000000008000a778                gScreenMaxVActive
                0x000000008000a780                gOverscanColorLineStart
                0x000000008000a784                gOverscanColor
                0x000000008000a788                gOverscanDefaultColor
                0x000000008000a78c                vidqhead
                0x000000008000a790                vidqtail
                0x000000008000a7a0                gRTSEnableCount
                0x000000008000a7a4                modemIntCnt
                0x000000008000a7a8                modemStatusIntCnt
                0x000000008000a7ac                modemLineStatusIntCnt
                0x000000008000a7b0                modemTxBufEmptyCnt
                0x000000008000a7b4                modemTxStashCnt
                0x000000008000a7b8                modemNoMoreToTxCnt
                0x000000008000a7bc                modemRxBufFullCnt
                0x000000008000a7c0                modemRxStashCnt
                0x000000008000a7c4                modemNoIntCnt
                0x000000008000a7c8                modemCharPutCnt
                0x000000008000a7cc                modemCharGotCnt
                0x000000008000a7e0                modemRcvHead
                0x000000008000a7e4                modemRcvTail
                0x000000008000a7e8                modemXmtHead
                0x000000008000a7ec                modemXmtTail
                0x000000008000a7f0                modemRcvBufDelta
                0x000000008000a7f4                modemXmtBufDelta
                0x000000008000a7f8                gLSR
                0x000000008000a7f9                gMSR
                0x000000008000a7fc                modemRcvBufOvf
                0x000000008000a800                modemXmtBufOvf
                0x000000008000a804                gDataTerminalReady
                0x000000008000a82c                sej2lcp
                0x000000008000a830                irHead
                0x000000008000a834                irTail
                0x000000008000a838                irkbModifiers
                0x000000008000a839                irremoteModifiers
                0x000000008000a83a                gIRRemoteDelay
                0x000000008000a83b                gIRRemoteRate
                0x000000008000a83c                gIRKBDelay
                0x000000008000a83d                gIRKBRate
                0x000000008000a83e                irFlags
                0x000000008000a850                gSmartCardEvent
 .sdata         0x000000008000a860       0x60 ./objects/app/lib/AnsiLib.o
                0x000000008000a860                gCrashLogPrintfs
                0x000000008000a861                gPutCharTV
                0x000000008000a862                gPrintEnable
                0x000000008000a864                currow
                0x000000008000a868                curcol
                0x000000008000a870                _kEmptyString
                0x000000008000a874                _BoxCtype
                0x000000008000a878                _BoxTolower
                0x000000008000a87c                _BoxToupper
 .sdata         0x000000008000a8c0      0x1e0 ./objects/app/lib/CommunicationsLib.o
                0x000000008000a8c8                gAuthorizationList
                0x000000008000a90c                gCookieList
                0x000000008000a910                HTTPProtocol::gMemoryStream
                0x000000008000a980                gIROutRefNum
                0x000000008000a982                gIRInRefNum
                0x000000008000a984                gModemOutRefNum
                0x000000008000a986                gModemInRefNum
                0x000000008000a988                gModemInitialized
                0x000000008000a9f8                gServiceList
                0x000000008000aa38                gRAMCache
                0x000000008000aa5c                gNetwork
                0x000000008000aa60                gWTVIncarnation
 .sdata         0x000000008000aaa0       0xe0 ./objects/app/lib/CryptoLib.o
                0x000000008000aaa0                BN_version
                0x000000008000aaa8                BN_value_one
                0x000000008000aac0                DES_version
                0x000000008000aad0                des_check_key
                0x000000008000aae0                EVP_des_cbc
                0x000000008000aaf0                EVP_des_ecb
                0x000000008000ab00                EVP_rc4
                0x000000008000ab20                EVP_md5
                0x000000008000ab30                MD5_version
                0x000000008000ab4c                RAND_version
                0x000000008000ab60                RC4_version
                0x000000008000ab70                RSA_version
 .sdata         0x000000008000ab80       0x40 ./objects/app/lib/TinyLib.o
                0x000000008000ab80                gDNRhostInfoPtr
                0x000000008000ab94                gOurIPAddr
                0x000000008000ab98                gIPState
 .sdata         0x000000008000abc0      0x180 ./objects/app/lib/TellyscriptLib.o
                0x000000008000abd0                EmptyStr
                0x000000008000abe4                Globals
                0x000000008000abe8                tptr
                0x000000008000abec                LoMem
                0x000000008000abf0                SymTop
                0x000000008000abf4                linenumber
                0x000000008000abf8                StackPtr
                0x000000008000abfc                TokenBuffer
                0x000000008000ac00                EndGlobals
                0x000000008000acdc                gScriptProgress
                0x000000008000ad38                ScriptRef
 .sdata         0x000000008000ad40       0xe0 ./objects/app/lib/DebugLib.o
                0x000000008000ad90                gDebugParentURL
                0x000000008000ad94                gDebugChildURL
                0x000000008000ad98                gLastRequestedURL
                0x000000008000ad9c                gPreventDebuggerBreaks
                0x000000008000ada0                compilerStopsHereIfPostulationIsFalse
                0x000000008000ae10                gMonkeyEnable
 .sdata         0x000000008000ae20       0xf0 ./objects/app/lib/GraphicsLib.o
                0x000000008000ae20                gScreenDirtyRegion
                0x000000008000ae24                gFilterOnScreenUpdate
                0x000000008000ae28                gScreenBorderColor
                0x000000008000ae50                gPageBackColor
 .sdata         0x000000008000af10       0x40 ./objects/app/lib/JPEGLib.o
 .sdata         0x000000008000af50      0xb20 ./objects/app/lib/HTMLLib.o
                0x000000008000af50                gPendingAnimationDissolvePeriod
                0x000000008000af54                gAnimationTransitionType
                0x000000008000b0f0                gDefaultStyle
                0x000000008000b0f4                gDefaultColorStyle
                0x000000008000b0fc                Document::kDefaultHorizontalMargin
                0x000000008000b0fe                Document::kDefaultVerticalMargin
 .sdata         0x000000008000ba70       0x20 ./objects/app/lib/InputLib.o
                0x000000008000ba78                irKBMods
                0x000000008000ba79                pcKBMods
                0x000000008000ba7a                globalMods
 .sdata         0x000000008000ba90       0x10 ./objects/app/lib/SoundLib.o
 .sdata         0x000000008000baa0       0x80 ./objects/app/lib/MIDILib.o
                0x000000008000bb00                MusicGlobals
 .sdata         0x000000008000bb20       0x60 ./objects/app/lib/StorageLib.o
                0x000000008000bb2c                kCPlusObjectTagString
                0x000000008000bb30                gMemoryManagementInitialized
                0x000000008000bb31                gFillFreeMem
 .sdata         0x000000008000bb80       0x80 ./objects/app/lib/SystemLib.o
                0x000000008000bb80                kDefaultFontMonospacedSizeRecord
                0x000000008000bb88                kDefaultFontProportionalSizeRecord
                0x000000008000bb90                kAboutURL
                0x000000008000bb94                kConnectSetupURL
                0x000000008000bb98                kPhoneSetupURL
                0x000000008000bb9c                kPowerOffURL
                0x000000008000bba0                kSetupURL
                0x000000008000bbd8                gSystem
                0x000000008000bbfc                gClock
 .sdata         0x000000008000bc00      0x110 ./objects/app/lib/TestingLib.o
                0x000000008000bc00                gTourist
 .sdata         0x000000008000bd10      0x380 ./objects/app/lib/UtilitiesLib.o
                0x000000008000bda8                kURLProtocolFileString
                0x000000008000bdb0                kURLProtocolFTPString
                0x000000008000bdbc                kURLProtocolHTTPString
                0x000000008000bdc0                kURLProtocolAbsentString
                0x000000008000bea0                gDebugDictionary
 .sdata         0x000000008000c090      0x2f0 ./objects/app/lib/UserInterfaceLib.o
                0x000000008000c1e0                gPageViewerScrollDirection
                0x000000008000c1e4                gPageViewerTransitionType
                0x000000008000c1e8                gPageViewerTransitionDelay
                0x000000008000c250                gScreen
                0x000000008000c254                gSelectionRegion
                0x000000008000c258                gAlertWindow
                0x000000008000c25c                gConnectIndicator
                0x000000008000c260                gConnectWindow
                0x000000008000c264                gFindPanel
                0x000000008000c268                gAutoPanel
                0x000000008000c26c                gGoPanel
                0x000000008000c270                gInfoPanel
                0x000000008000c274                gKeyboard
                0x000000008000c278                gLoginPanel
                0x000000008000c27c                gMenuLayer
                0x000000008000c280                gOptionsPanel
                0x000000008000c284                gPageViewer
                0x000000008000c288                gPowerOffAlert
                0x000000008000c28c                gRecentPanel
                0x000000008000c290                gSavePanel
                0x000000008000c294                gSaveSplash
                0x000000008000c298                gSendPanel
                0x000000008000c29c                gSendSplash
                0x000000008000c2a0                gStatusIndicator
                0x000000008000c2a4                gSystemLogo
                0x000000008000c2a8                gAlertBorder
                0x000000008000c2ac                gButtonBorder
                0x000000008000c2b0                gMenuBorder
                0x000000008000c2b4                gPanelBorder
                0x000000008000c2b8                gRuleBorder
                0x000000008000c2bc                gSelectionBorder
                0x000000008000c2c0                gTextFieldBorder
                0x000000008000c2c4                gAlertImage
                0x000000008000c2c8                gCheckBoxImage
                0x000000008000c2cc                gCheckedBoxImage
                0x000000008000c2d0                gContinueImage
                0x000000008000c2d4                gMenuIconImage
                0x000000008000c2d8                gMenuUpIconImage
                0x000000008000c2dc                gMenuDownIconImage
                0x000000008000c2e0                gRadioButtonOffImage
                0x000000008000c2e4                gRadioButtonOnImage
                0x000000008000c2e8                gSaveImage
                0x000000008000c2ec                gImageMapCursorActive
                0x000000008000c2f0                gImageMapCursorNormal
                0x000000008000c2f4                gEndLinkSound
                0x000000008000c2f8                gErrorSound
                0x000000008000c2fc                gLimitSound
                0x000000008000c300                gModemSound
                0x000000008000c304                gPopupSound
                0x000000008000c308                gSaveSound
                0x000000008000c30c                gScroll1Sound
                0x000000008000c310                gScroll2Sound
                0x000000008000c314                gStartLinkSound
                0x000000008000c318                gSubmitSound
                0x000000008000c31c                gTypeSound
                0x000000008000c380                edata = .
                0x000000008000c380                _edata = .
                0x000000008000c380                _fbss = .

.sbss           0x000000008000c380      0x1d0
 *(.sbss)
 .sbss          0x000000008000c380       0x80 ./objects/app/lib/BoxLib.o
 .sbss          0x000000008000c400       0x20 ./objects/app/lib/CommunicationsLib.o
 .sbss          0x000000008000c420       0x80 ./objects/app/lib/TinyLib.o
 .sbss          0x000000008000c4a0       0x30 ./objects/app/lib/TellyscriptLib.o
 .sbss          0x000000008000c4d0       0x20 ./objects/app/lib/HTMLLib.o
 .sbss          0x000000008000c4f0       0x10 ./objects/app/lib/InputLib.o
 .sbss          0x000000008000c500       0x20 ./objects/app/lib/StorageLib.o
 .sbss          0x000000008000c520       0x10 ./objects/app/lib/SystemLib.o
 .sbss          0x000000008000c530       0x10 ./objects/app/lib/UserInterfaceLib.o
 *(.scommon)
 .scommon       0x000000008000c540        0x4 ./objects/app/lib/CommunicationsLib.o
                0x000000008000c540                WTVPCommand::gWTVAttributeResource

.bss            0x000000008000c550     0x93e0
 *(.bss)
 .bss           0x000000008000c550        0x0 ./objects/app/obj/app_crt0.s.o
 .bss           0x000000008000c550        0x0 ./objects/app/lib/AudioLib.o
 .bss           0x000000008000c550        0x0 ./objects/app/lib/MPEGAudioLib.o
 .bss           0x000000008000c550        0x0 ./objects/app/lib/BootLib.o
 .bss           0x000000008000c550       0x40 ./objects/app/lib/BoxLib.o
 .bss           0x000000008000c590        0x0 ./objects/app/lib/AnsiLib.o
 .bss           0x000000008000c590       0x10 ./objects/app/lib/CommunicationsLib.o
 .bss           0x000000008000c5a0      0x420 ./objects/app/lib/CryptoLib.o
 .bss           0x000000008000c9c0     0x1540 ./objects/app/lib/TinyLib.o
 .bss           0x000000008000df00      0x370 ./objects/app/lib/TellyscriptLib.o
 .bss           0x000000008000e270     0x6000 ./objects/app/lib/DebugLib.o
 .bss           0x0000000080014270     0x1300 ./objects/app/lib/GraphicsLib.o
 .bss           0x0000000080015570        0x0 ./objects/app/lib/JPEGLib.o
 .bss           0x0000000080015570       0x40 ./objects/app/lib/HTMLLib.o
 .bss           0x00000000800155b0      0x180 ./objects/app/lib/InputLib.o
 .bss           0x0000000080015730        0x0 ./objects/app/lib/SoundLib.o
 .bss           0x0000000080015730        0x0 ./objects/app/lib/MIDILib.o
 .bss           0x0000000080015730        0x0 ./objects/app/lib/StorageLib.o
 .bss           0x0000000080015730       0xa0 ./objects/app/lib/SystemLib.o
 .bss           0x00000000800157d0        0x0 ./objects/app/lib/TestingLib.o
 .bss           0x00000000800157d0        0x0 ./objects/app/lib/UtilitiesLib.o
 .bss           0x00000000800157d0      0x160 ./objects/app/lib/UserInterfaceLib.o
 *(COMMON)
                0x0000000080015930                end = .
                0x0000000080015930                _end = .
OUTPUT(./objects/app/result/approm.ld ecoff-bigmips)
